*   Trying 52.34.173.171...
* TCP_NODELAY set
* Connected to api.nylas.com (52.34.173.171) port 443 (#0)
* ALPN, offering http/1.1
* Cipher selection: ALL:!EXPORT:!EXPORT40:!EXPORT56:!aNULL:!LOW:!RC4:@STRENGTH
* successfully set certificate verify locations:
*   CAfile: /etc/ssl/cert.pem
  CApath: none
* SSL connection using TLSv1.2 / ECDHE-RSA-AES256-GCM-SHA384
* ALPN, server did not agree to a protocol
* Server certificate:
*  subject: C=US; ST=California; L=San Francisco; O=Nylas, Inc.; CN=*.nylas.com
*  start date: May 12 00:00:00 2017 GMT
*  expire date: May 10 12:00:00 2019 GMT
*  subjectAltName: host "api.nylas.com" matched cert's "*.nylas.com"
*  issuer: C=US; O=DigiCert Inc; CN=DigiCert SHA2 Secure Server CA
*  SSL certificate verify ok.
> GET /account HTTP/1.1
Host: api.nylas.com
User-Agent: GuzzleHttp/6.3.3 curl/7.54.0 PHP/7.2.9
Authorization: AXZvO8nWvt0ZylceiRlEB4KewGqqhS

< HTTP/1.1 200 OK
< Server: nginx
< Date: Mon, 03 Dec 2018 09:09:07 GMT
< Content-Type: application/json
< Content-Length: 300
< Connection: close
< Access-Control-Allow-Headers: Authorization,Accept,Cache-Control,X-Requested-With,Content-Type
< Access-Control-Allow-Methods: GET,PUT,POST,DELETE,OPTIONS
< Access-Control-Allow-Credentials: true
< Nylas-API-Version: 2.0
< Strict-Transport-Security: max-age=31536000; includeSubDomains
< X-XSS-Protection: 1
< X-Content-Type-Options: nosniff
< Content-Security-Policy: default-src https: 'unsafe-eval' 'unsafe-inline'; object-src 'none'
< 
* Closing connection 0
*   Trying 52.26.120.161...
* TCP_NODELAY set
* Connected to api.nylas.com (52.26.120.161) port 443 (#0)
* ALPN, offering http/1.1
* Cipher selection: ALL:!EXPORT:!EXPORT40:!EXPORT56:!aNULL:!LOW:!RC4:@STRENGTH
* successfully set certificate verify locations:
*   CAfile: /etc/ssl/cert.pem
  CApath: none
* SSL connection using TLSv1.2 / ECDHE-RSA-AES256-GCM-SHA384
* ALPN, server did not agree to a protocol
* Server certificate:
*  subject: C=US; ST=California; L=San Francisco; O=Nylas, Inc.; CN=*.nylas.com
*  start date: May 12 00:00:00 2017 GMT
*  expire date: May 10 12:00:00 2019 GMT
*  subjectAltName: host "api.nylas.com" matched cert's "*.nylas.com"
*  issuer: C=US; O=DigiCert Inc; CN=DigiCert SHA2 Secure Server CA
*  SSL certificate verify ok.
> GET /account HTTP/1.1
Host: api.nylas.com
User-Agent: GuzzleHttp/6.3.3 curl/7.54.0 PHP/7.2.9
Authorization: AXZvO8nWvt0ZylceiRlEB4KewGqqhS

< HTTP/1.1 200 OK
< Server: nginx
< Date: Mon, 03 Dec 2018 09:09:21 GMT
< Content-Type: application/json
< Content-Length: 300
< Connection: close
< Access-Control-Allow-Headers: Authorization,Accept,Cache-Control,X-Requested-With,Content-Type
< Access-Control-Allow-Methods: GET,PUT,POST,DELETE,OPTIONS
< Access-Control-Allow-Credentials: true
< Nylas-API-Version: 2.0
< Strict-Transport-Security: max-age=31536000; includeSubDomains
< X-XSS-Protection: 1
< X-Content-Type-Options: nosniff
< Content-Security-Policy: default-src https: 'unsafe-eval' 'unsafe-inline'; object-src 'none'
< 
* Closing connection 0
